
> PawnCloud@4.7.1 ng
> ng build --configuration production

[33m❯[39m Building...
[32m✔[39m Building...
[1mInitial chunk files[22m  [2m | [22m[1mNames[22m              [2m | [22m [1mRaw size[22m[2m | [22m[1mEstimated transfer size[22m
[32mstyles-3VMBYQHN.css[39m  [2m | [22m[2mstyles[22m             [2m | [22m  [36m1.51 MB[39m[2m | [22m              [36m111.06 kB[39m
[32mmain-IQXDVMPW.js[39m     [2m | [22m[2mmain[22m               [2m | [22m  [36m1.32 MB[39m[2m | [22m              [36m108.77 kB[39m
[32mchunk-OXJHHZUG.js[39m    [2m | [22m[2m-[22m                  [2m | [22m[36m439.71 kB[39m[2m | [22m               [36m77.13 kB[39m
[32mchunk-VX433U2Q.js[39m    [2m | [22m[2m-[22m                  [2m | [22m[36m385.22 kB[39m[2m | [22m               [36m87.33 kB[39m
[32mchunk-BMTSLULA.js[39m    [2m | [22m[2m-[22m                  [2m | [22m[36m204.96 kB[39m[2m | [22m               [36m46.85 kB[39m
[32mscripts-KC5A5LSQ.js[39m  [2m | [22m[2mscripts[22m            [2m | [22m[36m184.70 kB[39m[2m | [22m               [36m50.77 kB[39m
[32mpolyfills-M3M7U77A.js[39m[2m | [22m[2mpolyfills[22m          [2m | [22m[36m110.06 kB[39m[2m | [22m               [36m37.05 kB[39m
[32mchunk-FVN56ACP.js[39m    [2m | [22m[2m-[22m                  [2m | [22m [36m96.36 kB[39m[2m | [22m               [36m20.68 kB[39m
[32mchunk-HB3NMKDW.js[39m    [2m | [22m[2m-[22m                  [2m | [22m [36m46.12 kB[39m[2m | [22m               [36m12.32 kB[39m
[32mchunk-KPBWOY3O.js[39m    [2m | [22m[2m-[22m                  [2m | [22m [36m39.09 kB[39m[2m | [22m                [36m8.12 kB[39m
[32mchunk-PMVWD2YD.js[39m    [2m | [22m[2m-[22m                  [2m | [22m [36m22.30 kB[39m[2m | [22m                [36m7.59 kB[39m
[32mchunk-ILUDZLTU.js[39m    [2m | [22m[2m-[22m                  [2m | [22m  [36m2.38 kB[39m[2m | [22m              [36m621 bytes[39m
[32mchunk-KZZABCGY.js[39m    [2m | [22m[2m-[22m                  [2m | [22m  [36m1.42 kB[39m[2m | [22m              [36m617 bytes[39m
[32mchunk-3XKLZ7F3.js[39m    [2m | [22m[2m-[22m                  [2m | [22m[36m473 bytes[39m[2m | [22m              [36m473 bytes[39m

[1m [22m                    [2m | [22m[1mInitial total[22m      [2m | [22m  [1m4.37 MB[22m[2m | [22m              [1m569.40 kB[22m

[1mLazy chunk files[22m     [2m | [22m[1mNames[22m              [2m | [22m [1mRaw size[22m[2m | [22m[1mEstimated transfer size[22m
[32mchunk-6CVBJGXL.js[39m    [2m | [22m[2m-[22m                  [2m | [22m [36m50.24 kB[39m[2m | [22m               [36m11.20 kB[39m
[32mchunk-UBNHVM6E.js[39m    [2m | [22m[2mcustomers-module[22m   [2m | [22m [36m33.24 kB[39m[2m | [22m                [36m4.87 kB[39m
[32mchunk-IESACAZ6.js[39m    [2m | [22m[2musers-module[22m       [2m | [22m [36m30.43 kB[39m[2m | [22m                [36m5.90 kB[39m
[32mchunk-KF3QXQYA.js[39m    [2m | [22m[2mpawn-tickets-module[22m[2m | [22m [36m29.81 kB[39m[2m | [22m                [36m5.76 kB[39m
[32mchunk-KIVSKW6D.js[39m    [2m | [22m[2mloans-module[22m       [2m | [22m [36m24.91 kB[39m[2m | [22m                [36m4.42 kB[39m
[32mchunk-TJSCEOWW.js[39m    [2m | [22m[2mpawn-items-module[22m  [2m | [22m [36m20.02 kB[39m[2m | [22m                [36m3.91 kB[39m
[32mchunk-ME5P5543.js[39m    [2m | [22m[2mtenants-module[22m     [2m | [22m [36m18.03 kB[39m[2m | [22m                [36m4.16 kB[39m
[32mchunk-KG4XZ22W.js[39m    [2m | [22m[2mapp-module[22m         [2m | [22m [36m16.77 kB[39m[2m | [22m                [36m4.36 kB[39m
[32mchunk-EKDGGKFZ.js[39m    [2m | [22m[2mroles-module[22m       [2m | [22m [36m16.52 kB[39m[2m | [22m                [36m3.79 kB[39m
[32mchunk-AB2AUCAF.js[39m    [2m | [22m[2maccount-module[22m     [2m | [22m [36m16.30 kB[39m[2m | [22m                [36m3.94 kB[39m
[32mchunk-ORDLZLFR.js[39m    [2m | [22m[2mbasic-codes-module[22m [2m | [22m [36m14.16 kB[39m[2m | [22m                [36m3.20 kB[39m
[32mchunk-PYSAZBAW.js[39m    [2m | [22m[2mhome-module[22m        [2m | [22m  [36m7.52 kB[39m[2m | [22m                [36m2.15 kB[39m
[32mchunk-LQ2D7BT6.js[39m    [2m | [22m[2mccp-IN[22m             [2m | [22m  [36m5.34 kB[39m[2m | [22m              [36m709 bytes[39m
[32mchunk-QEK3K6PE.js[39m    [2m | [22m[2mccp[22m                [2m | [22m  [36m5.31 kB[39m[2m | [22m              [36m703 bytes[39m
[32mchunk-DN3BIVKQ.js[39m    [2m | [22m[2mgold-types-module[22m  [2m | [22m  [36m5.12 kB[39m[2m | [22m                [36m1.78 kB[39m
[2m...and 1156 more lazy chunks files. Use "--verbose" to show all the files.[22m

Application bundle generation complete. [14.389 seconds]

[1m[33m[33m▲ [43;33m[[43;30mWARNING[43;33m][0m [1mTS-998113: LocalizePipe is not used within the template of SeederComponent[0m [1m[35m[plugin angular-compiler][0m

    src/app/admin/seeder/seeder.component.ts:13:42:
[37m      13 │     imports: [CommonModule, ButtonModule, [32mLocalizePipe[37m],
         ╵                                           [32m~~~~~~~~~~~~[0m


[33m▲ [43;33m[[43;30mWARNING[43;33m][0m [1mTS-998113: NgIf is not used within the template of BasicCodesComponent[0m [1m[35m[plugin angular-compiler][0m

    src/app/basic-codes/basic-codes.component.ts:21:55:
[37m      21 │ ..., TableModule, PrimeTemplate, [32mNgIf[37m, PaginatorModule, LocalizePi...
         ╵                                  [32m~~~~[0m


[33m▲ [43;33m[[43;30mWARNING[43;33m][0m [1mTS-998113: NgForOf is not used within the template of CreateBasicCodeDialogComponent[0m [1m[35m[plugin angular-compiler][0m

    src/app/basic-codes/create-basic-code/create-basic-code-dialog.component.ts:20:204:
[37m      20 │ ...umberModule, ButtonModule, CheckboxModule, DropdownModule, [32mNgFor[37m],
         ╵                                                               [32m~~~~~[0m


[33m▲ [43;33m[[43;30mWARNING[43;33m][0m [1mTS-998113: NgForOf is not used within the template of EditBasicCodeDialogComponent[0m [1m[35m[plugin angular-compiler][0m

    src/app/basic-codes/edit-basic-code/edit-basic-code-dialog.component.ts:20:204:
[37m      20 │ ...umberModule, ButtonModule, CheckboxModule, DropdownModule, [32mNgFor[37m],
         ╵                                                               [32m~~~~~[0m


[33m▲ [43;33m[[43;30mWARNING[43;33m][0m [1mTS-998113: NgForOf is not used within the template of CreateCustomerDialogComponent[0m [1m[35m[plugin angular-compiler][0m

    src/app/customers/create-customer/create-customer-dialog.component.ts:20:188:
[37m      20 │ ...xtModule, InputNumberModule, ButtonModule, DropdownModule, [32mNgFor[37m],
         ╵                                                               [32m~~~~~[0m


[33m▲ [43;33m[[43;30mWARNING[43;33m][0m [1mTS-998113: NgIf is not used within the template of EditCustomerDialogComponent[0m [1m[35m[plugin angular-compiler][0m

    src/app/customers/edit-customer/edit-customer-dialog.component.ts:21:185:
[37m      21 │ ...erModule, ButtonModule, TableModule, [32mNgIf[37m, NgFor, DropdownModule],
         ╵                                         [32m~~~~[0m


[33m▲ [43;33m[[43;30mWARNING[43;33m][0m [1mTS-998113: NgForOf is not used within the template of EditCustomerDialogComponent[0m [1m[35m[plugin angular-compiler][0m

    src/app/customers/edit-customer/edit-customer-dialog.component.ts:21:191:
[37m      21 │ ...erModule, ButtonModule, TableModule, NgIf, [32mNgFor[37m, DropdownModule],
         ╵                                               [32m~~~~~[0m


[33m▲ [43;33m[[43;30mWARNING[43;33m][0m [1mTS-998113: NgForOf is not used within the template of CreateLoanDialogComponent[0m [1m[35m[plugin angular-compiler][0m

    src/app/loans/create-loan/create-loan-dialog.component.ts:33:8:
[37m      33 │         [32mNgFor[37m,
         ╵         [32m~~~~~[0m


[33m▲ [43;33m[[43;30mWARNING[43;33m][0m [1mTS-998113: NgForOf is not used within the template of EditLoanDialogComponent[0m [1m[35m[plugin angular-compiler][0m

    src/app/loans/edit-loan/edit-loan-dialog.component.ts:33:8:
[37m      33 │         [32mNgFor[37m,
         ╵         [32m~~~~~[0m


[33m▲ [43;33m[[43;30mWARNING[43;33m][0m [1mTS-998113: NgIf is not used within the template of CreatePawnItemDialogComponent[0m [1m[35m[plugin angular-compiler][0m

    src/app/pawn-items/create-pawn-item/create-pawn-item-dialog.component.ts:22:8:
[37m      22 │         [32mNgIf[37m,
         ╵         [32m~~~~[0m


[33m▲ [43;33m[[43;30mWARNING[43;33m][0m [1mTS-998113: NgIf is not used within the template of EditPawnItemDialogComponent[0m [1m[35m[plugin angular-compiler][0m

    src/app/pawn-items/edit-pawn-item/edit-pawn-item-dialog.component.ts:22:8:
[37m      22 │         [32mNgIf[37m,
         ╵         [32m~~~~[0m


[33m▲ [43;33m[[43;30mWARNING[43;33m][0m [1mTS-998113: DatePipe is not used within the template of PawnItemsComponent[0m [1m[35m[plugin angular-compiler][0m

    src/app/pawn-items/pawn-items.component.ts:23:61:
[37m      23 │ ...odule, PrimeTemplate, NgIf, [32mDatePipe[37m, PaginatorModule, Localize...
         ╵                                [32m~~~~~~~~[0m


[33m▲ [43;33m[[43;30mWARNING[43;33m][0m [1mTS-998113: NgIf is not used within the template of PawnItemFormDialogComponent[0m [1m[35m[plugin angular-compiler][0m

    src/app/pawn-tickets/shared/pawn-item-form-dialog.component.ts:22:8:
[37m      22 │         [32mNgIf[37m,
         ╵         [32m~~~~[0m


[33m▲ [43;33m[[43;30mWARNING[43;33m][0m [1mModule 'moment/min/locales.min' used by 'src/main.ts' is not ESM[0m

  CommonJS or AMD dependencies can cause optimization bailouts.
  For more information see: [4mhttps://angular.dev/tools/cli/build#configuring-commonjs-dependencies[0m


[33m▲ [43;33m[[43;30mWARNING[43;33m][0m [1mModule 'moment-timezone' used by 'src/main.ts' is not ESM[0m

  CommonJS or AMD dependencies can cause optimization bailouts.
  For more information see: [4mhttps://angular.dev/tools/cli/build#configuring-commonjs-dependencies[0m


[33m▲ [43;33m[[43;30mWARNING[43;33m][0m [1mModule 'moment' used by 'src/shared/service-proxies/service-proxies.ts' is not ESM[0m

  CommonJS or AMD dependencies can cause optimization bailouts.
  For more information see: [4mhttps://angular.dev/tools/cli/build#configuring-commonjs-dependencies[0m


[33m▲ [43;33m[[43;30mWARNING[43;33m][0m [1mModule 'rtl-detect' used by 'src/shared/helpers/PrimengTableHelper.ts' is not ESM[0m

  CommonJS or AMD dependencies can cause optimization bailouts.
  For more information see: [4mhttps://angular.dev/tools/cli/build#configuring-commonjs-dependencies[0m

[39m[22m
Output location: C:\Users\yongc\OneDrive\Desktop\work\PawnCloud\10.2.0\angular\dist

